core_cm4.h:1677:22:__NVIC_EnableIRQ	16	static
core_cm4.h:1805:22:__NVIC_SetPriority	16	static
fsl_common.h:435:28:EnableIRQ	16	static
fsl_gpio.h:175:20:GPIO_PortSet	16	static
fsl_gpio.h:186:20:GPIO_PortClear	16	static
fsl_gpio.h:197:20:GPIO_PortToggle	16	static
fsl_port.h:415:20:PORT_SetPinInterruptConfig	24	static
mqtt_example.c:220:13:mqtt_topic_subscribed_cb	24	static
mqtt_example.c:237:13:mqtt_incoming_publish_cb	24	static
mqtt_example.c:248:13:mqtt_incoming_data_cb	32	static
mqtt_example.c:304:13:mqtt_subscribe_topics	48	static
mqtt_example.c:333:13:mqtt_connection_cb	32	static
mqtt_example.c:380:13:connect_to_mqtt	24	static
mqtt_example.c:393:13:mqtt_message_published_cb	24	static
mqtt_example.c:410:13:publish_humidity	40	static
mqtt_example.c:424:13:publish_Joystick	40	static
mqtt_example.c:436:13:publish_hall_sensor	40	static
mqtt_example.c:449:13:publish_calculate_speed	40	static
mqtt_example.c:466:13:app_thread	64	static
mqtt_example.c:734:5:main	56	static
mqtt_example.c:810:9:get_simulated_sensor	32	static
mqtt_example.c:836:6:sensor_timer_callback	16	static
mqtt_example.c:842:13:toggle_motor	4	static
mqtt_example.c:845:13:change_motor_turn	4	static
mqtt_example.c:856:15:calculate_speed	16	static
mqtt_example.c:864:13:joystick_stick_callback	16	static
mqtt_example.c:871:13:hall_motor_calculate_speed_callback	16	static
mqtt_example.c:874:6:PORTC_IRQHandler	16	static
